de/hpi/ddm/systems/MasterSystem$2$1.class
de/hpi/ddm/actors/Collector.class
de/hpi/ddm/actors/Master$BatchMessage.class
de/hpi/ddm/structures/BitSet.class
de/hpi/ddm/actors/Reaper.class
de/hpi/ddm/actors/Worker.class
de/hpi/ddm/singletons/ConfigurationSingleton.class
de/hpi/ddm/actors/Reader.class
de/hpi/ddm/systems/MasterSystem$1.class
de/hpi/ddm/actors/LargeMessageProxy$StreamInitialized.class
de/hpi/ddm/singletons/DatasetDescriptorSingleton.class
de/hpi/ddm/structures/BloomFilter.class
de/hpi/ddm/singletons/KryoPoolSingleton.class
de/hpi/ddm/systems/MasterSystem.class
de/hpi/ddm/actors/listeners/ClusterListener.class
de/hpi/ddm/actors/Master$StartMessage.class
de/hpi/ddm/configuration/CommandWorker.class
de/hpi/ddm/actors/Master.class
de/hpi/ddm/actors/LargeMessageProxy$StreamFailure.class
de/hpi/ddm/actors/Master$RegistrationMessage.class
de/hpi/ddm/actors/LargeMessageProxy$Ack.class
de/hpi/ddm/actors/LargeMessageProxy.class
de/hpi/ddm/configuration/DatasetDescriptor.class
de/hpi/ddm/systems/WorkerSystem$2.class
de/hpi/ddm/systems/WorkerSystem$2$1.class
de/hpi/ddm/actors/LargeMessageProxy$LargeMessage.class
de/hpi/ddm/systems/WorkerSystem$1.class
de/hpi/ddm/actors/Collector$PrintMessage.class
de/hpi/ddm/actors/listeners/MetricsListener.class
de/hpi/ddm/configuration/Command.class
de/hpi/ddm/actors/Collector$CollectMessage.class
de/hpi/ddm/actors/LargeMessageProxy$BytesMessage.class
de/hpi/ddm/configuration/Configuration.class
de/hpi/ddm/Main.class
de/hpi/ddm/actors/Reader$ReadMessage.class
de/hpi/ddm/systems/MasterSystem$2.class
de/hpi/ddm/systems/WorkerSystem.class
de/hpi/ddm/configuration/CommandMaster.class
de/hpi/ddm/actors/Reaper$WatchMeMessage.class
de/hpi/ddm/actors/LargeMessageProxy$StreamCompleted.class
de/hpi/ddm/actors/Worker$WelcomeMessage.class
