/home/gritta/Documents/hpi/DistributedDataManagement/akka-tutorial/ddm-exercise/src/main/java/de/hpi/ddm/actors/listeners/MetricsListener.java
/home/gritta/Documents/hpi/DistributedDataManagement/akka-tutorial/ddm-exercise/src/main/java/de/hpi/ddm/actors/LargeMessageProxy.java
/home/gritta/Documents/hpi/DistributedDataManagement/akka-tutorial/ddm-exercise/src/main/java/de/hpi/ddm/actors/Reader.java
/home/gritta/Documents/hpi/DistributedDataManagement/akka-tutorial/ddm-exercise/src/main/java/de/hpi/ddm/configuration/DatasetDescriptor.java
/home/gritta/Documents/hpi/DistributedDataManagement/akka-tutorial/ddm-exercise/src/main/java/de/hpi/ddm/configuration/Configuration.java
/home/gritta/Documents/hpi/DistributedDataManagement/akka-tutorial/ddm-exercise/src/main/java/de/hpi/ddm/actors/Collector.java
/home/gritta/Documents/hpi/DistributedDataManagement/akka-tutorial/ddm-exercise/src/main/java/de/hpi/ddm/structures/BloomFilter.java
/home/gritta/Documents/hpi/DistributedDataManagement/akka-tutorial/ddm-exercise/src/main/java/de/hpi/ddm/actors/Worker.java
/home/gritta/Documents/hpi/DistributedDataManagement/akka-tutorial/ddm-exercise/src/main/java/de/hpi/ddm/singletons/KryoPoolSingleton.java
/home/gritta/Documents/hpi/DistributedDataManagement/akka-tutorial/ddm-exercise/src/main/java/de/hpi/ddm/actors/Master.java
/home/gritta/Documents/hpi/DistributedDataManagement/akka-tutorial/ddm-exercise/src/main/java/de/hpi/ddm/actors/Reaper.java
/home/gritta/Documents/hpi/DistributedDataManagement/akka-tutorial/ddm-exercise/src/main/java/de/hpi/ddm/singletons/DatasetDescriptorSingleton.java
/home/gritta/Documents/hpi/DistributedDataManagement/akka-tutorial/ddm-exercise/src/main/java/de/hpi/ddm/Main.java
/home/gritta/Documents/hpi/DistributedDataManagement/akka-tutorial/ddm-exercise/src/main/java/de/hpi/ddm/singletons/ConfigurationSingleton.java
/home/gritta/Documents/hpi/DistributedDataManagement/akka-tutorial/ddm-exercise/src/main/java/de/hpi/ddm/systems/WorkerSystem.java
/home/gritta/Documents/hpi/DistributedDataManagement/akka-tutorial/ddm-exercise/src/main/java/de/hpi/ddm/structures/BitSet.java
/home/gritta/Documents/hpi/DistributedDataManagement/akka-tutorial/ddm-exercise/src/main/java/de/hpi/ddm/configuration/CommandMaster.java
/home/gritta/Documents/hpi/DistributedDataManagement/akka-tutorial/ddm-exercise/src/main/java/de/hpi/ddm/actors/listeners/ClusterListener.java
/home/gritta/Documents/hpi/DistributedDataManagement/akka-tutorial/ddm-exercise/src/main/java/de/hpi/ddm/configuration/Command.java
/home/gritta/Documents/hpi/DistributedDataManagement/akka-tutorial/ddm-exercise/src/main/java/de/hpi/ddm/systems/MasterSystem.java
/home/gritta/Documents/hpi/DistributedDataManagement/akka-tutorial/ddm-exercise/src/main/java/de/hpi/ddm/configuration/CommandWorker.java
